---
source: src/rules.rs
assertion_line: 636
expression: res

---
Type(
  name: "Map",
  kind: map,
  symbol_range: "...",
)
