---
source: src/rules.rs
assertion_line: 578
expression: res

---
Type(
  name: "com.example.TypeName",
  kind: custom,
  symbol_range: "...",
)
