---
source: src/rules.rs
assertion_line: 444
expression: res

---
Arg(
  name: Some("albert"),
  type: Type(
    name: "TypeName",
    kind: custom,
    symbol_range: "...",
  ),
  symbol_range: "...",
  full_range: "...",
)
