---
source: src/rules.rs
expression: res

---
Import(
  path: "x.y",
  name: "z",
  symbol_range: "...",
  full_range: "...",
)
