---
source: src/rules.rs
assertion_line: 586
expression: res

---
Type(
  name: "Array",
  kind: array,
  generic_types: [
    Type(
      name: "float",
      kind: primitive,
      symbol_range: "...",
    ),
  ],
  symbol_range: "...",
)
