---
source: src/rules.rs
assertion_line: 519
expression: res

---
Const(
  name: "CONST_NAME",
  type: Type(
    name: "int",
    kind: primitive,
    symbol_range: "...",
  ),
  value: "123",
  symbol_range: "...",
  full_range: "...",
)
