---
source: src/rules.rs
assertion_line: 538
expression: res

---
Const(
  name: "CONST_NAME",
  type: Type(
    name: "TypeName",
    kind: custom,
    symbol_range: "...",
  ),
  value: "123",
  doc: Some("Const documentation"),
  symbol_range: "...",
  full_range: "...",
)
