---
source: src/rules.rs
assertion_line: 492
expression: res

---
Member(
  name: "memberName",
  type: Type(
    name: "TypeName",
    kind: custom,
    symbol_range: "...",
  ),
  value: Some("\"member value\""),
  symbol_range: "...",
  full_range: "...",
)
