---
source: src/rules.rs
expression: res

---
Package(
  name: "x",
  symbol_range: "...",
  full_range: "...",
)
