---
source: src/rules.rs
assertion_line: 452
expression: res

---
Arg(
  direction: in(Range(
    start: Position(
      offset: 0,
      line_col: (1, 1),
    ),
    end: Position(
      offset: 2,
      line_col: (1, 3),
    ),
  )),
  name: None,
  type: Type(
    name: "TypeName",
    kind: custom,
    symbol_range: "...",
  ),
  symbol_range: "...",
  full_range: "...",
)
