---
source: src/rules.rs
expression: res

---
Interface(
  oneway: true,
  name: "OneWayInterface",
  elements: [],
  full_range: "...",
  symbol_range: "...",
)
