---
source: src/rules.rs
assertion_line: 503
expression: res

---
Member(
  name: "memberName",
  type: Type(
    name: "TypeName",
    kind: custom,
    symbol_range: "...",
  ),
  doc: Some("Member documentation"),
  symbol_range: "...",
  full_range: "...",
)
