---
source: src/rules.rs
assertion_line: 570
expression: res

---
Type(
  name: "TypeName",
  kind: custom,
  symbol_range: "...",
)
