---
source: src/rules.rs
expression: res

---
Interface(
  oneway: false,
  name: "Potato",
  elements: [
    Const(Const(
      name: "const1",
      const_type: Type(
        name: "int",
        kind: Primitive,
        symbol_range: "...",
      ),
      value: "1",
      doc: Some("const1 documentation"),
      symbol_range: "...",
      full_range: "...",
    )),
    Method(Method(
      oneway: false,
      name: "method1",
      return_type: Type(
        name: "String",
        kind: String,
        symbol_range: "...",
      ),
      args: [],
      doc: Some("method1 documentation"),
      symbol_range: "...",
      full_range: "...",
      value_range: "...",
      oneway_range: "...",
    )),
    Const(Const(
      name: "const2",
      const_type: Type(
        name: "String",
        kind: String,
        symbol_range: "...",
      ),
      value: "\"two\"",
      symbol_range: "...",
      full_range: "...",
    )),
    Method(Method(
      oneway: false,
      name: "method2",
      return_type: Type(
        name: "int",
        kind: Primitive,
        symbol_range: "...",
      ),
      args: [],
      symbol_range: "...",
      full_range: "...",
      value_range: "...",
      oneway_range: "...",
    )),
  ],
  full_range: "...",
  symbol_range: "...",
)
