---
source: src/rules.rs
assertion_line: 610
expression: res

---
Type(
  name: "List",
  kind: list,
  symbol_range: "...",
)
