---
source: src/rules.rs
assertion_line: 562
expression: res

---
Type(
  name: "doublegum",
  kind: custom,
  symbol_range: "...",
)
