---
source: src/rules.rs
assertion_line: 554
expression: res

---
Type(
  name: "double",
  kind: primitive,
  symbol_range: "...",
)
