---
source: src/rules.rs
assertion_line: 602
expression: res

---
Type(
  name: "List",
  kind: list,
  generic_types: [
    Type(
      name: "MyObject",
      kind: custom,
      symbol_range: "...",
    ),
  ],
  symbol_range: "...",
)
