---
source: src/rules.rs
assertion_line: 402
expression: res

---
Method(
  name: "myMethod",
  return_type: Type(
    name: "TypeName",
    kind: custom,
    symbol_range: "...",
  ),
  args: [],
  symbol_range: "...",
  full_range: "...",
  value_range: "...",
  oneway_range: "...",
)
